// Jest Snapshot v1, https://goo.gl/fbAQLP

exports[`should render EditExpensePage 1`] = `
<div
  className="expense-form"
>
  <div
    className="expense-form__box"
  >
    <ExpenseForm
      expense={
        Object {
          "amount": 109500,
          "createdAt": -1000,
          "description": "Rent",
          "id": "2",
          "note": "",
        }
      }
      onSubmit={[Function]}
    />
    <button
      className="btn btn--primary"
      onClick={[Function]}
    >
      Remove
    </button>
  </div>
</div>
`;
